Optimizing Linkage Editor (V.10.02.00.000)        09-Dec-2020 13:10:11

*** Options ***

-subcommand=C:\WorkSpace\RX63T_GPT_driver\RX63T_GPT_driver\Debug\RX63T_GPT_driver.hlk
-noprelink
-rom=D=R,D_1=R_1,D_2=R_2
-nomessage
-list="C:\WorkSpace\RX63T_GPT_driver\RX63T_GPT_driver\Debug\RX63T_GPT_driver.map"
-nooptimize
-start=B_1,R_1,B_2,R_2,B,R,SU,SI/01000,PResetPRG/0FFFF8000,C_1,C_2,C,C$*,D_1,D_2,D,P,PIntPRG,W*,L/0FFFF8100,FIXEDVECT/0FFFFFFD0
-nologo
-input="C:\WorkSpace\RX63T_GPT_driver\RX63T_GPT_driver\Debug\dbsct.obj"
-input="C:\WorkSpace\RX63T_GPT_driver\RX63T_GPT_driver\Debug\gpt.obj"
-input="C:\WorkSpace\RX63T_GPT_driver\RX63T_GPT_driver\Debug\hwsetup.obj"
-input="C:\WorkSpace\RX63T_GPT_driver\RX63T_GPT_driver\Debug\id_code.obj"
-input="C:\WorkSpace\RX63T_GPT_driver\RX63T_GPT_driver\Debug\intprg.obj"
-input="C:\WorkSpace\RX63T_GPT_driver\RX63T_GPT_driver\Debug\lcd.obj"
-input="C:\WorkSpace\RX63T_GPT_driver\RX63T_GPT_driver\Debug\main.obj"
-input="C:\WorkSpace\RX63T_GPT_driver\RX63T_GPT_driver\Debug\resetprg.obj"
-input="C:\WorkSpace\RX63T_GPT_driver\RX63T_GPT_driver\Debug\sbrk.obj"
-input="C:\WorkSpace\RX63T_GPT_driver\RX63T_GPT_driver\Debug\switch.obj"
-input="C:\WorkSpace\RX63T_GPT_driver\RX63T_GPT_driver\Debug\vect.obj"
-library="C:\WorkSpace\RX63T_GPT_driver\RX63T_GPT_driver\Debug\RX63T_GPT_driver.lib"
-output="C:\WorkSpace\RX63T_GPT_driver\RX63T_GPT_driver\Debug\RX63T_GPT_driver.abs"
-end

*** Error information ***

*** Mapping List ***

SECTION                            START      END         SIZE   ALIGN

B_1
                                  00001000  00001000         0   1
R_1
                                  00001000  00001003         4   1
B_2
                                  00001004  00001004         0   2
R_2
                                  00001004  00001005         2   2
B
                                  00001008  00001407       400   4
R
                                  00001408  00001413         c   4
SU
                                  00001414  00001513       100   4
SI
                                  00001514  00001813       300   4
PResetPRG
                                  ffff8000  ffff8049        4a   1
C_1
                                  ffff8100  ffff8100         0   1
C_2
                                  ffff8100  ffff8100         0   2
C
                                  ffff8100  ffff8117        18   4
C$DSEC
                                  ffff8118  ffff8147        30   4
C$BSEC
                                  ffff8148  ffff815f        18   4
C$VECT
                                  ffff8160  ffff855f       400   4
D_1
                                  ffff8560  ffff8563         4   1
D_2
                                  ffff8564  ffff8565         2   2
D
                                  ffff8568  ffff8573         c   4
P
                                  ffff8574  ffff95b4      1041   1
PIntPRG
                                  ffff95b5  ffff9696        e2   1
W_1
                                  ffff9697  ffff9697         0   1
W_2
                                  ffff9698  ffff9698         0   2
W
                                  ffff9698  ffff9698         0   4
L
                                  ffff9698  ffff9698         0   4
$ADDR_C_FFFFFF80
                                  ffffff80  ffffff83         4   1
$ADDR_C_FFFFFFA0
                                  ffffffa0  ffffffaf        10   1
FIXEDVECT
                                  ffffffd0  ffffffff        30   4
